// Jest Snapshot v1, https://goo.gl/fbAQLP

exports[`NewPoll should take a screenshot 1`] = `
Object {
  "asFragment": [Function],
  "baseElement": <body>
    <div>
      <div
        class="form-poll"
      >
        <h2>
          Would you rather
        </h2>
        <form
          class="form-poll"
        >
          <label
            for="fOption"
          >
            First Option
          </label>
          <input
            data-testid="first-option-input"
            name="fOption"
            placeholder="Please write down your first option"
            value=""
          />
          <label
            for="secOption"
          >
            Second Option
          </label>
          <input
            data-testid="second-option-input"
            name="secOption"
            placeholder="Please write down your second option"
            value=""
          />
          <button
            class="btn"
            data-testid="submitBtn"
            disabled=""
            type="submit"
          >
            Submit
          </button>
        </form>
      </div>
    </div>
  </body>,
  "container": <div>
    <div
      class="form-poll"
    >
      <h2>
        Would you rather
      </h2>
      <form
        class="form-poll"
      >
        <label
          for="fOption"
        >
          First Option
        </label>
        <input
          data-testid="first-option-input"
          name="fOption"
          placeholder="Please write down your first option"
          value=""
        />
        <label
          for="secOption"
        >
          Second Option
        </label>
        <input
          data-testid="second-option-input"
          name="secOption"
          placeholder="Please write down your second option"
          value=""
        />
        <button
          class="btn"
          data-testid="submitBtn"
          disabled=""
          type="submit"
        >
          Submit
        </button>
      </form>
    </div>
  </div>,
  "debug": [Function],
  "findAllByAltText": [Function],
  "findAllByDisplayValue": [Function],
  "findAllByLabelText": [Function],
  "findAllByPlaceholderText": [Function],
  "findAllByRole": [Function],
  "findAllByTestId": [Function],
  "findAllByText": [Function],
  "findAllByTitle": [Function],
  "findByAltText": [Function],
  "findByDisplayValue": [Function],
  "findByLabelText": [Function],
  "findByPlaceholderText": [Function],
  "findByRole": [Function],
  "findByTestId": [Function],
  "findByText": [Function],
  "findByTitle": [Function],
  "getAllByAltText": [Function],
  "getAllByDisplayValue": [Function],
  "getAllByLabelText": [Function],
  "getAllByPlaceholderText": [Function],
  "getAllByRole": [Function],
  "getAllByTestId": [Function],
  "getAllByText": [Function],
  "getAllByTitle": [Function],
  "getByAltText": [Function],
  "getByDisplayValue": [Function],
  "getByLabelText": [Function],
  "getByPlaceholderText": [Function],
  "getByRole": [Function],
  "getByTestId": [Function],
  "getByText": [Function],
  "getByTitle": [Function],
  "queryAllByAltText": [Function],
  "queryAllByDisplayValue": [Function],
  "queryAllByLabelText": [Function],
  "queryAllByPlaceholderText": [Function],
  "queryAllByRole": [Function],
  "queryAllByTestId": [Function],
  "queryAllByText": [Function],
  "queryAllByTitle": [Function],
  "queryByAltText": [Function],
  "queryByDisplayValue": [Function],
  "queryByLabelText": [Function],
  "queryByPlaceholderText": [Function],
  "queryByRole": [Function],
  "queryByTestId": [Function],
  "queryByText": [Function],
  "queryByTitle": [Function],
  "rerender": [Function],
  "unmount": [Function],
}
`;
